// Jest Snapshot v1, https://goo.gl/fbAQLP

exports[`PMButton component tests should render correctly 1`] = `
<View
  accessibilityState={
    {
      "busy": undefined,
      "checked": undefined,
      "disabled": false,
      "expanded": undefined,
      "selected": undefined,
    }
  }
  accessibilityValue={
    {
      "max": undefined,
      "min": undefined,
      "now": undefined,
      "text": undefined,
    }
  }
  accessible={true}
  collapsable={false}
  focusable={true}
  onClick={[Function]}
  onResponderGrant={[Function]}
  onResponderMove={[Function]}
  onResponderRelease={[Function]}
  onResponderTerminate={[Function]}
  onResponderTerminationRequest={[Function]}
  onStartShouldSetResponder={[Function]}
  style={
    {
      "alignItems": "center",
      "borderColor": "#000",
      "borderRadius": 8,
      "borderStyle": "dashed",
      "borderWidth": 0,
      "flexDirection": "row",
      "height": 50,
      "justifyContent": "space-evenly",
      "margin": 8,
      "opacity": 1,
      "width": 50,
    }
  }
/>
`;
