// Jest Snapshot v1, https://goo.gl/fbAQLP

exports[`SettingScreen snapshot test should render correctly 1`] = `
<View
  style={
    {
      "backgroundColor": "#fff",
      "flex": 1,
      "marginBottom": 0,
      "marginHorizontal": 8,
      "marginTop": 8,
    }
  }
>
  <View
    style={
      {
        "alignItems": "center",
        "height": 110,
        "justifyContent": "center",
      }
    }
  >
    <Text
      style={
        [
          {
            "color": "#000",
            "fontSize": 16,
            "lineHeight": 22,
          },
          {
            "color": "#000",
            "fontSize": 16,
            "fontWeight": "bold",
            "lineHeight": 22,
            "marginBottom": 4,
            "marginTop": 8,
          },
        ]
      }
    >
      Weißabgleich
    </Text>
    <View
      style={
        {
          "flexDirection": "row",
          "height": 84,
        }
      }
    >
      <View
        style={
          {
            "alignItems": "center",
            "flex": 1,
            "justifyContent": "flex-start",
          }
        }
      >
        <View
          accessibilityState={
            {
              "busy": undefined,
              "checked": undefined,
              "disabled": false,
              "expanded": undefined,
              "selected": undefined,
            }
          }
          accessibilityValue={
            {
              "max": undefined,
              "min": undefined,
              "now": undefined,
              "text": undefined,
            }
          }
          accessible={true}
          collapsable={false}
          focusable={true}
          onClick={[Function]}
          onResponderGrant={[Function]}
          onResponderMove={[Function]}
          onResponderRelease={[Function]}
          onResponderTerminate={[Function]}
          onResponderTerminationRequest={[Function]}
          onStartShouldSetResponder={[Function]}
          style={
            {
              "alignItems": "center",
              "borderColor": "#000",
              "borderRadius": 8,
              "borderStyle": "dashed",
              "borderWidth": 1,
              "flexDirection": "row",
              "height": 50,
              "justifyContent": "space-evenly",
              "margin": 8,
              "opacity": 1,
              "width": 50,
            }
          }
          testID="whiteBalanceButton"
        >
          <Text />
        </View>
        <Text
          numberOfLines={1}
          style={
            [
              {
                "color": "#000",
                "fontSize": 16,
                "lineHeight": 22,
              },
              {},
            ]
          }
        >
          automatisch
        </Text>
      </View>
      <View
        style={
          {
            "alignItems": "center",
            "flex": 1,
            "justifyContent": "flex-start",
          }
        }
      >
        <View
          accessibilityState={
            {
              "busy": undefined,
              "checked": undefined,
              "disabled": false,
              "expanded": undefined,
              "selected": undefined,
            }
          }
          accessibilityValue={
            {
              "max": undefined,
              "min": undefined,
              "now": undefined,
              "text": undefined,
            }
          }
          accessible={true}
          collapsable={false}
          focusable={true}
          onClick={[Function]}
          onResponderGrant={[Function]}
          onResponderMove={[Function]}
          onResponderRelease={[Function]}
          onResponderTerminate={[Function]}
          onResponderTerminationRequest={[Function]}
          onStartShouldSetResponder={[Function]}
          style={
            {
              "alignItems": "center",
              "borderColor": "#000",
              "borderRadius": 8,
              "borderStyle": "dashed",
              "borderWidth": 0,
              "flexDirection": "row",
              "height": 50,
              "justifyContent": "space-evenly",
              "margin": 8,
              "opacity": 1,
              "width": 50,
            }
          }
          testID="whiteBalanceButton"
        >
          <Text />
        </View>
        <Text
          numberOfLines={1}
          style={
            [
              {
                "color": "#000",
                "fontSize": 16,
                "lineHeight": 22,
              },
              {},
            ]
          }
        >
          sonnig
        </Text>
      </View>
      <View
        style={
          {
            "alignItems": "center",
            "flex": 1,
            "justifyContent": "flex-start",
          }
        }
      >
        <View
          accessibilityState={
            {
              "busy": undefined,
              "checked": undefined,
              "disabled": false,
              "expanded": undefined,
              "selected": undefined,
            }
          }
          accessibilityValue={
            {
              "max": undefined,
              "min": undefined,
              "now": undefined,
              "text": undefined,
            }
          }
          accessible={true}
          collapsable={false}
          focusable={true}
          onClick={[Function]}
          onResponderGrant={[Function]}
          onResponderMove={[Function]}
          onResponderRelease={[Function]}
          onResponderTerminate={[Function]}
          onResponderTerminationRequest={[Function]}
          onStartShouldSetResponder={[Function]}
          style={
            {
              "alignItems": "center",
              "borderColor": "#000",
              "borderRadius": 8,
              "borderStyle": "dashed",
              "borderWidth": 0,
              "flexDirection": "row",
              "height": 50,
              "justifyContent": "space-evenly",
              "margin": 8,
              "opacity": 1,
              "width": 50,
            }
          }
          testID="whiteBalanceButton"
        >
          <Text />
        </View>
        <Text
          numberOfLines={1}
          style={
            [
              {
                "color": "#000",
                "fontSize": 16,
                "lineHeight": 22,
              },
              {},
            ]
          }
        >
          wolkig
        </Text>
      </View>
      <View
        style={
          {
            "alignItems": "center",
            "flex": 1,
            "justifyContent": "flex-start",
          }
        }
      >
        <View
          accessibilityState={
            {
              "busy": undefined,
              "checked": undefined,
              "disabled": false,
              "expanded": undefined,
              "selected": undefined,
            }
          }
          accessibilityValue={
            {
              "max": undefined,
              "min": undefined,
              "now": undefined,
              "text": undefined,
            }
          }
          accessible={true}
          collapsable={false}
          focusable={true}
          onClick={[Function]}
          onResponderGrant={[Function]}
          onResponderMove={[Function]}
          onResponderRelease={[Function]}
          onResponderTerminate={[Function]}
          onResponderTerminationRequest={[Function]}
          onStartShouldSetResponder={[Function]}
          style={
            {
              "alignItems": "center",
              "borderColor": "#000",
              "borderRadius": 8,
              "borderStyle": "dashed",
              "borderWidth": 0,
              "flexDirection": "row",
              "height": 50,
              "justifyContent": "space-evenly",
              "margin": 8,
              "opacity": 1,
              "width": 50,
            }
          }
          testID="whiteBalanceButton"
        >
          <Text />
        </View>
        <Text
          numberOfLines={1}
          style={
            [
              {
                "color": "#000",
                "fontSize": 16,
                "lineHeight": 22,
              },
              {},
            ]
          }
        >
          schattig
        </Text>
      </View>
    </View>
  </View>
</View>
`;
